// Jest Snapshot v1, https://goo.gl/fbAQLP

exports[`<DownwardChevron /> can be rendered 1`] = `
<styled.span
  horizontal="0.3em"
  vertical="0.3em"
>
  <svg
    aria-label="downward chevron"
    height="100%"
    preserveAspectRatio="xMinYMin meet"
    version="1.1"
    viewBox="0 0 5.1385611 3.2992621"
    width="0.7em"
    xmlns="http://www.w3.org/2000/svg"
  >
    <g
      transform="matrix(0.39946474,0,0,0.39946474,0.53101811,2.4482309)"
    >
      <path
        d="M 11.382674,-3.9343035 5.4615799,1.9788107 q -0.151619,0.1516183 -0.359096,0.1516183 -0.207478,0 -0.359096,-0.1516183 l -5.921094,-5.9131142 q -0.151618,-0.151618 -0.151618,-0.359096 0,-0.215457 0.151618,-0.367076 l 1.32466503,-1.316685 q 0.151618,-0.151618 0.359096,-0.151618 0.207478,0 0.359096,0.151618 l 4.23733297,4.237333 4.2373325,-4.237333 q 0.151618,-0.151618 0.359096,-0.151618 0.2074778,0 0.3590966,0.151618 l 1.324665,1.316685 q 0.151618,0.151619 0.151618,0.367076 0,0.207478 -0.151618,0.359096 z"
        style={
          Object {
            "fill": "#FFF",
          }
        }
      />
    </g>
  </svg>
</styled.span>
`;
